<?xml version="1.0" encoding="UTF-8"?>
<testsuites name="jest tests" tests="2" failures="0" time="4.539">
  <testsuite name="__tests__/main.test.ts" errors="0" failures="0" skipped="0" timestamp="2023-03-09T02:00:31" time="4.203" tests="2">
    <testcase classname="" name="retrieveCodes" time="0.095">
    </testcase>
    <testcase classname="" name="getCommitsFromPayload" time="0.003">
    </testcase>
  </testsuite>
</testsuites>